// Jest Snapshot v1, https://goo.gl/fbAQLP

exports[`YooFlexLayout Component Matches Snapshot 1`] = `<div class="yoo-flex-layout" style="flex-direction: row; flex-wrap: nowrap; justify-content: center; align-items: stretch; align-content: stretch; gap: 0;">Default Slot Text</div>`;
