// Jest Snapshot v1, https://goo.gl/fbAQLP

exports[`YooAnimation Component Matches Snapshot 1`] = `
<div class="yoo-animation">
  <div class="yoo-animation__content" style="overflow: hidden; margin: 0px auto; width: 100%; height: 100%;"><svg xmlns="http://www.w3.org/2000/svg" viewBox="0 0 520 520" width="520" height="520" style="width: 100%; height: 100%; transform: translate3d(0,0,0);" preserveAspectRatio="xMidYMid meet">
      <defs>
        <clipPath id="__lottie_element_2">
          <rect width="520" height="520" x="0" y="0"></rect>
        </clipPath>
        <mask id="__lottie_element_3" mask-type="alpha">
          <g style="display: block;" transform="matrix(2.4000000953674316,0,0,2.4000000953674316,-274.20001220703125,260)" opacity="1">
            <g opacity="1" transform="matrix(1,0,0,1,223.5,1.25)">
              <path fill="rgb(255,0,0)" fill-opacity="1" d=" M94.5,-94.75 C94.5,-94.75 94.5,94.75 94.5,94.75 C94.5,94.75 -94.5,94.75 -94.5,94.75 C-94.5,94.75 -94.5,-94.75 -94.5,-94.75 C-94.5,-94.75 94.5,-94.75 94.5,-94.75z"></path>
              <path stroke-linecap="butt" stroke-linejoin="miter" fill-opacity="0" stroke-miterlimit="4" stroke="rgb(255,255,255)" stroke-opacity="1" stroke-width="2" d=" M94.5,-94.75 C94.5,-94.75 94.5,94.75 94.5,94.75 C94.5,94.75 -94.5,94.75 -94.5,94.75 C-94.5,94.75 -94.5,-94.75 -94.5,-94.75 C-94.5,-94.75 94.5,-94.75 94.5,-94.75z"></path>
            </g>
          </g>
        </mask>
        <mask id="__lottie_element_10" mask-type="alpha">
          <g style="display: block;" transform="matrix(2.4000000953674316,0,0,2.4000000953674316,-274.20001220703125,260)" opacity="1">
            <g opacity="1" transform="matrix(1,0,0,1,223.5,1.25)">
              <path fill="rgb(255,0,0)" fill-opacity="1" d=" M94.5,-94.75 C94.5,-94.75 94.5,94.75 94.5,94.75 C94.5,94.75 -94.5,94.75 -94.5,94.75 C-94.5,94.75 -94.5,-94.75 -94.5,-94.75 C-94.5,-94.75 94.5,-94.75 94.5,-94.75z"></path>
              <path stroke-linecap="butt" stroke-linejoin="miter" fill-opacity="0" stroke-miterlimit="4" stroke="rgb(255,255,255)" stroke-opacity="1" stroke-width="2" d=" M94.5,-94.75 C94.5,-94.75 94.5,94.75 94.5,94.75 C94.5,94.75 -94.5,94.75 -94.5,94.75 C-94.5,94.75 -94.5,-94.75 -94.5,-94.75 C-94.5,-94.75 94.5,-94.75 94.5,-94.75z"></path>
            </g>
          </g>
        </mask>
        <mask id="__lottie_element_16" mask-type="alpha">
          <g style="display: block;" transform="matrix(2.4000000953674316,0,0,2.4000000953674316,-274.20001220703125,260)" opacity="1">
            <g opacity="1" transform="matrix(1,0,0,1,223.5,1.25)">
              <path fill="rgb(255,0,0)" fill-opacity="1" d=" M94.5,-94.75 C94.5,-94.75 94.5,94.75 94.5,94.75 C94.5,94.75 -94.5,94.75 -94.5,94.75 C-94.5,94.75 -94.5,-94.75 -94.5,-94.75 C-94.5,-94.75 94.5,-94.75 94.5,-94.75z"></path>
              <path stroke-linecap="butt" stroke-linejoin="miter" fill-opacity="0" stroke-miterlimit="4" stroke="rgb(255,255,255)" stroke-opacity="1" stroke-width="2" d=" M94.5,-94.75 C94.5,-94.75 94.5,94.75 94.5,94.75 C94.5,94.75 -94.5,94.75 -94.5,94.75 C-94.5,94.75 -94.5,-94.75 -94.5,-94.75 C-94.5,-94.75 94.5,-94.75 94.5,-94.75z"></path>
            </g>
          </g>
        </mask>
        <filter id="__lottie_element_24" x="0%" y="0%" width="100%" height="100%">
          <feGaussianBlur in="SourceAlpha" result="drop_shadow_1" stdDeviation="11.75"></feGaussianBlur>
          <feOffset dx="8.485281374238571" dy="8.48528137423857" in="drop_shadow_1" result="drop_shadow_2"></feOffset>
          <feFlood flood-color="#000000" flood-opacity="0.1" result="drop_shadow_3"></feFlood>
          <feComposite in="drop_shadow_3" in2="drop_shadow_2" operator="in" result="drop_shadow_4"></feComposite>
          <feMerge>
            <feMergeNode></feMergeNode>
            <feMergeNode in="SourceGraphic"></feMergeNode>
          </feMerge>
        </filter>
      </defs>
      <g clip-path="url(#__lottie_element_2)">
        <g filter="url(#__lottie_element_24)" style="display: block;" transform="matrix(2.4000000953674316,0,0,2.4000000953674316,-1233,-1276)" opacity="1">
          <g opacity="1" transform="matrix(1,0,0,1,622.489013671875,640)">
            <path fill="rgb(70,199,195)" fill-opacity="1" d=" M94.87200164794922,-101.14600372314453 C94.87200164794922,-101.14600372314453 -94.8740005493164,-101.14600372314453 -94.8740005493164,-101.14600372314453 C-98.33499908447266,-101.14800262451172 -101.1449966430664,-98.34500122070312 -101.14600372314453,-94.88300323486328 C-101.14600372314453,-94.88300323486328 -101.14600372314453,-94.87200164794922 -101.14600372314453,-94.87200164794922 C-101.14600372314453,-94.87200164794922 -101.14600372314453,94.87799835205078 -101.14600372314453,94.87799835205078 C-101.14600372314453,98.33799743652344 -98.34100341796875,101.14600372314453 -94.87999725341797,101.14600372314453 C-94.87999725341797,101.14600372314453 -94.8740005493164,101.14600372314453 -94.8740005493164,101.14600372314453 C-94.8740005493164,101.14600372314453 94.87200164794922,101.14600372314453 94.87200164794922,101.14600372314453 C98.33300018310547,101.14800262451172 101.14199829101562,98.34500122070312 101.14399719238281,94.88300323486328 C101.14399719238281,94.88300323486328 101.14399719238281,94.87799835205078 101.14399719238281,94.87799835205078 C101.14399719238281,94.87799835205078 101.14399719238281,-94.87200164794922 101.14399719238281,-94.87200164794922 C101.14600372314453,-98.33300018310547 98.34400177001953,-101.14399719238281 94.88200378417969,-101.14600372314453 C94.88200378417969,-101.14600372314453 94.87200164794922,-101.14600372314453 94.87200164794922,-101.14600372314453z M88.60399627685547,88.62300109863281 C88.60399627685547,88.62300109863281 -88.58699798583984,88.62300109863281 -88.58699798583984,88.62300109863281 C-88.58699798583984,88.62300109863281 -88.58699798583984,-88.572998046875 -88.58699798583984,-88.572998046875 C-88.58699798583984,-88.572998046875 88.60399627685547,-88.55400085449219 88.60399627685547,-88.55400085449219 C88.60399627685547,-88.55400085449219 88.60399627685547,88.62300109863281 88.60399627685547,88.62300109863281z"></path>
          </g>
        </g>
        <g style="display: block;" mask="url(#__lottie_element_16)">
          <g transform="matrix(2.4000000953674316,0,0,2.4000000953674316,-1234.2000732421875,-1276)" opacity="1">
            <g opacity="1" transform="matrix(1,0,0,1,601.6110229492188,639.7459716796875)">
              <path fill="rgb(70,199,195)" fill-opacity="1" d=" M-36.49800109863281,51.72700119018555 C-38.0629997253418,51.72700119018555 -39.625999450683594,51.33599853515625 -41.066001892089844,50.553001403808594 C-44.249000549316406,48.823001861572266 -46.07699966430664,45.327999114990234 -46.07699966430664,41.70500183105469 C-46.07699966430664,41.70500183105469 -46.07699966430664,-41.21799850463867 -46.07699966430664,-41.21799850463867 C-46.07699966430664,-44.59199905395508 -44.512001037597656,-47.87799835205078 -41.66699981689453,-49.691001892089844 C-38.60100173950195,-51.64500045776367 -34.84600067138672,-51.72700119018555 -31.72599983215332,-49.92900085449219 C-31.72599983215332,-49.92900085449219 40.766998291015625,-8.258000373840332 40.766998291015625,-8.258000373840332 C43.70600128173828,-6.567999839782715 45.78200149536133,-3.553999900817871 45.92399978637695,-0.16699999570846558 C46.07699966430664,3.4719998836517334 44.257999420166016,6.757999897003174 41.12900161743164,8.557999610900879 C41.12900161743164,8.557999610900879 -31.72599983215332,50.4379997253418 -31.72599983215332,50.4379997253418 C-33.220001220703125,51.297000885009766 -34.861000061035156,51.72700119018555 -36.49800109863281,51.72700119018555z M-34.9119987487793,-35.71699905395508 C-34.9119987487793,-35.71699905395508 -34.9119987487793,36.224998474121094 -34.9119987487793,36.224998474121094 C-34.9119987487793,37.632999420166016 -33.388999938964844,38.513999938964844 -32.167999267578125,37.8120002746582 C-32.167999267578125,37.8120002746582 30.409000396728516,1.8420000076293945 30.409000396728516,1.8420000076293945 C31.634000778198242,1.1369999647140503 31.634000778198242,-0.6299999952316284 30.409000396728516,-1.3339999914169312 C30.409000396728516,-1.3339999914169312 -32.167999267578125,-37.30500030517578 -32.167999267578125,-37.30500030517578 C-33.388999938964844,-38.00699996948242 -34.9119987487793,-37.125 -34.9119987487793,-35.71699905395508z"></path>
            </g>
          </g>
        </g>
        <g style="display: block;" mask="url(#__lottie_element_10)">
          <g transform="matrix(2.4000000953674316,0,0,2.4000000953674316,-1234.2000732421875,-1276)" opacity="1">
            <g opacity="1" transform="matrix(1,0,0,1,649.9089965820312,639.7459716796875)">
              <path fill="rgb(70,199,195)" fill-opacity="1" d=" M-36.49700164794922,51.72700119018555 C-38.0620002746582,51.72700119018555 -39.625,51.33599853515625 -41.064998626708984,50.553001403808594 C-44.24800109863281,48.823001861572266 -46.07699966430664,45.327999114990234 -46.07699966430664,41.70500183105469 C-46.07699966430664,41.70500183105469 -46.07699966430664,-41.2130012512207 -46.07699966430664,-41.2130012512207 C-46.07699966430664,-44.58599853515625 -44.51499938964844,-47.87300109863281 -41.67100143432617,-49.6879997253418 C-38.60599899291992,-51.64400100708008 -34.8489990234375,-51.72800064086914 -31.725000381469727,-49.92900085449219 C-31.725000381469727,-49.92900085449219 40.768001556396484,-8.258000373840332 40.768001556396484,-8.258000373840332 C43.707000732421875,-6.567999839782715 45.78200149536133,-3.553999900817871 45.92499923706055,-0.16699999570846558 C46.077999114990234,3.4719998836517334 44.25899887084961,6.757999897003174 41.12900161743164,8.557999610900879 C41.12900161743164,8.557999610900879 -31.725000381469727,50.4379997253418 -31.725000381469727,50.4379997253418 C-33.220001220703125,51.297000885009766 -34.86000061035156,51.72700119018555 -36.49700164794922,51.72700119018555z M-34.9109992980957,-35.71699905395508 C-34.9109992980957,-35.71699905395508 -34.9109992980957,36.224998474121094 -34.9109992980957,36.224998474121094 C-34.9109992980957,37.632999420166016 -33.38800048828125,38.51499938964844 -32.16699981689453,37.8129997253418 C-32.16699981689453,37.8129997253418 30.409000396728516,1.8420000076293945 30.409000396728516,1.8420000076293945 C31.634000778198242,1.1369999647140503 31.634000778198242,-0.6290000081062317 30.409000396728516,-1.3329999446868896 C30.409000396728516,-1.3329999446868896 -32.16699981689453,-37.30500030517578 -32.16699981689453,-37.30500030517578 C-33.38800048828125,-38.00699996948242 -34.9109992980957,-37.125 -34.9109992980957,-35.71699905395508z"></path>
            </g>
          </g>
        </g>
        <g style="display: block;" mask="url(#__lottie_element_3)">
          <g transform="matrix(2.4000000953674316,0,0,2.4000000953674316,-1524.60009765625,-1276)" opacity="1">
            <g opacity="1" transform="matrix(1,0,0,1,601.6110229492188,639.7459716796875)">
              <path fill="rgb(70,199,195)" fill-opacity="1" d=" M-36.49800109863281,51.72700119018555 C-38.0629997253418,51.72700119018555 -39.625999450683594,51.33599853515625 -41.066001892089844,50.553001403808594 C-44.249000549316406,48.823001861572266 -46.07699966430664,45.327999114990234 -46.07699966430664,41.70500183105469 C-46.07699966430664,41.70500183105469 -46.07699966430664,-41.21799850463867 -46.07699966430664,-41.21799850463867 C-46.07699966430664,-44.59199905395508 -44.512001037597656,-47.87799835205078 -41.66699981689453,-49.691001892089844 C-38.60100173950195,-51.64500045776367 -34.84600067138672,-51.72700119018555 -31.72599983215332,-49.92900085449219 C-31.72599983215332,-49.92900085449219 40.766998291015625,-8.258000373840332 40.766998291015625,-8.258000373840332 C43.70600128173828,-6.567999839782715 45.78200149536133,-3.553999900817871 45.92399978637695,-0.16699999570846558 C46.07699966430664,3.4719998836517334 44.257999420166016,6.757999897003174 41.12900161743164,8.557999610900879 C41.12900161743164,8.557999610900879 -31.72599983215332,50.4379997253418 -31.72599983215332,50.4379997253418 C-33.220001220703125,51.297000885009766 -34.861000061035156,51.72700119018555 -36.49800109863281,51.72700119018555z M-34.9119987487793,-35.71699905395508 C-34.9119987487793,-35.71699905395508 -34.9119987487793,36.224998474121094 -34.9119987487793,36.224998474121094 C-34.9119987487793,37.632999420166016 -33.388999938964844,38.513999938964844 -32.167999267578125,37.8120002746582 C-32.167999267578125,37.8120002746582 30.409000396728516,1.8420000076293945 30.409000396728516,1.8420000076293945 C31.634000778198242,1.1369999647140503 31.634000778198242,-0.6299999952316284 30.409000396728516,-1.3339999914169312 C30.409000396728516,-1.3339999914169312 -32.167999267578125,-37.30500030517578 -32.167999267578125,-37.30500030517578 C-33.388999938964844,-38.00699996948242 -34.9119987487793,-37.125 -34.9119987487793,-35.71699905395508z"></path>
            </g>
          </g>
        </g>
      </g>
    </svg></div>
</div>
`;
