// Jest Snapshot v1, https://goo.gl/fbAQLP

exports[`YooCheckButton Component Matches Snapshot 1`] = `<div class="yoo-checkbox"><input type="checkbox" id="custom-time-id"><label class="yoo-check fas fa-check yoo-check--medium yoo-check--text-right" for="custom-time-id"><span></span></label></div>`;
