// Jest Snapshot v1, https://goo.gl/fbAQLP

exports[`YooSelectButton Component Matches Snapshot 1`] = `
<div class="yoo-flex-layout yoo-select" style="flex-direction: row; flex-wrap: nowrap; justify-content: space-around; align-items: center; align-content: stretch;">
  <div class="yoo__container--button" height="inherit" style="height: inherit;"><button class="yoo-btn yoo-btn__fill--light yoo-btn__border--rounded yoo-btn--base yoo-btn--short yoo-btn--animation-none">
      <!---->
      <p class="yoo-btn__text yoo-btn__text--md yoo-btn__text--weight-semi-bold">1</p>
      <!---->
    </button></div>
  <div class="yoo__container--button" height="inherit" style="height: inherit;"><button class="yoo-btn yoo-btn__fill--primary yoo-btn__border--rounded yoo-btn--base yoo-btn--short yoo-btn--animation-none">
      <!---->
      <p class="yoo-btn__text yoo-btn__text--md yoo-btn__text--weight-semi-bold">2</p>
      <!---->
    </button></div>
  <div class="yoo__container--button" height="inherit" style="height: inherit;"><button class="yoo-btn yoo-btn__fill--light yoo-btn__border--rounded yoo-btn--base yoo-btn--short yoo-btn--animation-none">
      <!---->
      <p class="yoo-btn__text yoo-btn__text--md yoo-btn__text--weight-semi-bold">3</p>
      <!---->
    </button></div>
</div>
`;
