// Jest Snapshot v1, https://goo.gl/fbAQLP

exports[`YooIndicator Component Matches Snapshot 1`] = `<div class="yoo-indicator yoo-indicator--normal yoo-indicator--danger yoo-indicator--pulse"></div>`;
