// Jest Snapshot v1, https://goo.gl/fbAQLP

exports[`YooStepper Component Matches Snapshot 1`] = `
<div flexdirection="row" justifycontent="space-around" alignitems="center" class="yoo-stepper">
  <!---->
  <div class="yoo-stepper__dot m__r--l yoo-stepper__dot--active"></div>
</div>
`;
